// Jest Snapshot v1, https://goo.gl/fbAQLP

exports[`Label Component Tests renders correctly 1`] = `
.c0 {
  font-family: Arial;
  font-size: 14px;
  padding-bottom: 10px;
  display: block;
}

<label
  className="c0"
>
  Message from world
</label>
`;
